// Jest Snapshot v1, https://goo.gl/fbAQLP

exports[`JSXRenderer should call Fallback Component on parse error 1`] = `"notFound is not a function"`;

exports[`JSXRenderer should call console.error on debug mode 1`] = `"[1:9] foo is not a function"`;

exports[`JSXRenderer should call console.group on debug mode 1`] = `
<p>
  1
</p>
`;

exports[`JSXRenderer should catch error of syntax 1`] = `"[1:11]: Unexpected token"`;

exports[`JSXRenderer should catch error with number object 1`] = `"1"`;

exports[`JSXRenderer should catch error with object 1`] = `"[object Object]"`;

exports[`JSXRenderer should override with context 1`] = `"by context"`;

exports[`JSXRenderer should render JSX 1`] = `
Array [
  "
      ",
  <h1>
    Hello, JSX World
  </h1>,
  "
      ",
  <p>
    This is paragraph.
  </p>,
  "
      ",
  <ul
    className="Hello"
  >
    
        
    <li>
      first
    </li>
    
        
    <li>
      second
    </li>
    
      
  </ul>,
  "
      ",
  "Fragment",
]
`;
