// Jest Snapshot v1, https://goo.gl/fbAQLP

exports[`Evaluator should evaluate HTML element 1`] = `
Array [
  Object {
    "children": Array [],
    "component": "p",
    "props": Object {
      "className": "jest",
      "key": "key-0",
      "style": Object {
        "color": "red",
      },
    },
  },
]
`;
